[
  "cx_bz_mor_1 | \u06c1\u0644\u06a9\u0627 \u06a9\u06c1\u0648\u0627 | Mild Kahwa | \u0622\u062f\u06be\u06cc \u0637\u0627\u0642\u062a \u06a9\u0627 \u06a9\u06c1\u0648\u0627\u060c \u0627\u062f\u0631\u06a9 \u06a9\u06d2 \u0633\u0627\u062a\u06be | Half-strength kahwa with added ginger | \u06af\u0631\u0645\u06cc \u0627\u0648\u0631 \u062c\u0648\u0691 \u062f\u0631\u062f | Warmth and joint pain relief | Ginger's shogaol compound (formed from gingerol when dried) is a selective COX-2 inhibitor with bioavailability superior to ibuprofen for joint inflammation management. | \u06a9\u06c1\u0648\u0627 | https://images.unsplash.com/photo-1576092768241-dec231879fc3?auto=format&fit=crop&q=80&w=800",
  "[MEDICATION: Ibuprofen (Ibuprofen Dye Free)] Category: tablets. Usage: Uses temporarily relieves minor aches and pains due to: headache toothache backache menstrual cramps the common cold muscular aches minor pain of arthritis temporarily reduces fever. Contraindications: No specific contraindications listed.. Details: Indications: Uses temporarily relieves minor aches and pains due to: headache toothache backache menstrual cramps the common cold muscular aches minor pain of arthritis temporarily reduces fever... Warnings: Warnings Allergy alert: Ibuprofen may cause a severe allergic reaction, especially in people allergic to aspirin. Symptoms may include: rash facial swelling asthma (wheezing) hives skin reddening shock blisters If an allergic reaction occurs, stop use and seek medical help right away. Stomach bleedi...",
  "climate | Kashmir has a temperate climate with a distinct, locally-named eight-season calendar (the Kashmiri Ruth system): Chilla Kalan, Chilla Khurd, Chilla Bachha, Sonth, Wahaar, Grind, Harud, and Early Winter, used to track agriculture, food, and health practices.",
  "[MEDICATION: Pantoprazole (Pantoprazole Sodium)] Category: tablets. Usage: 1 INDICATIONS AND USAGE Pantoprazole Sodium for Injection is indicated for treatment of: gastroesophageal reflux disease (GERD) and a history of erosive esophagitis (EE) for up to 10 days in adults. p.... Contraindications: 4 CONTRAINDICATIONS Pantoprazole sodium is contraindicated in patients with known hypersensitivity reactions including anaphylaxis to the formulation or any substituted benzimidazole. Hypersensitivity.... Details: Indications: 1 INDICATIONS AND USAGE Pantoprazole Sodium for Injection is indicated for treatment of: gastroesophageal reflux disease (GERD) and a history of erosive esophagitis (EE) for up to 10 days in adults. pathological hypersecretory conditions including Zollinger-Ellison (ZE) Syndrome in adults. Limitations of Use The safety and effectiveness of Pantoprazole Sodium for Injection for the treatment of upp... Warnings: ..."
]